30.09.2026 13:27:30 [0] INFO root TICK BEGINS: 1
30.09.2026 13:27:30 [0] INFO root TICK ENDS: 1
30.09.2026 13:27:30 [0] INFO root TICK BEGINS: 2
30.09.2026 13:27:30 [0] INFO root TICK ENDS: 2
30.09.2026 13:27:30 [0] INFO root TICK BEGINS: 3
30.09.2026 13:27:30 [0] INFO root TICK ENDS: 3
30.09.2026 13:27:30 [0] INFO root TICK BEGINS: 4
30.09.2026 13:27:30 [0] INFO root TICK ENDS: 4
30.09.2026 13:27:30 [0] INFO root TICK BEGINS: 5
30.09.2026 13:27:30 [0] INFO root TICK ENDS: 5
30.09.2026 13:27:30 [0] INFO root TICK BEGINS: 6
30.09.2026 13:27:30 [0] INFO root TICK ENDS: 6
30.09.2026 13:27:30 [0] INFO root TICK BEGINS: 7
30.09.2026 13:27:30 [0] INFO root TICK ENDS: 7
30.09.2026 13:27:30 [0] INFO root TICK BEGINS: 8
30.09.2026 13:27:30 [0] INFO root TICK ENDS: 8
30.09.2026 13:27:30 [0] INFO root TICK BEGINS: 9
30.09.2026 13:27:30 [0] INFO root TICK ENDS: 9
30.09.2026 13:27:30 [0] INFO root TICK BEGINS: 10
30.09.2026 13:27:30 [0] INFO root TICK ENDS: 10
30.09.2026 13:27:30 [0] INFO root date_time.run = 30.09.2026 13:27:30
30.09.2026 13:27:30 [0] INFO root distribution.zombie_move = int_uniform, 0, 2
30.09.2026 13:27:30 [0] INFO root grid.buffer = 2
30.09.2026 13:27:30 [0] INFO root human.count = 500;
30.09.2026 13:27:30 [0] INFO root init.time = 0.010124
30.09.2026 13:27:30 [0] INFO root max.x = 99
30.09.2026 13:27:30 [0] INFO root max.y = 99
30.09.2026 13:27:30 [0] INFO root min.x = -100
30.09.2026 13:27:30 [0] INFO root min.y = -100
30.09.2026 13:27:30 [0] INFO root proc.per.x = 2
30.09.2026 13:27:30 [0] INFO root proc.per.y = 2
30.09.2026 13:27:30 [0] INFO root process.count = 4.000000
30.09.2026 13:27:30 [0] INFO root random.seed = 1790771250
30.09.2026 13:27:30 [0] INFO root run.time = 0.361864
30.09.2026 13:27:30 [0] INFO root stop.at = 10
30.09.2026 13:27:30 [0] INFO root zombie.count = 5;
30.09.2026 13:35:06 [0] INFO root TICK BEGINS: 1
30.09.2026 13:35:06 [0] INFO root TICK ENDS: 1
30.09.2026 13:35:06 [0] INFO root TICK BEGINS: 2
30.09.2026 13:35:06 [0] INFO root TICK ENDS: 2
30.09.2026 13:35:06 [0] INFO root TICK BEGINS: 3
30.09.2026 13:35:06 [0] INFO root TICK ENDS: 3
30.09.2026 13:35:06 [0] INFO root TICK BEGINS: 4
30.09.2026 13:35:06 [0] INFO root TICK ENDS: 4
30.09.2026 13:35:06 [0] INFO root TICK BEGINS: 5
30.09.2026 13:35:06 [0] INFO root TICK ENDS: 5
30.09.2026 13:35:06 [0] INFO root TICK BEGINS: 6
30.09.2026 13:35:06 [0] INFO root TICK ENDS: 6
30.09.2026 13:35:06 [0] INFO root TICK BEGINS: 7
30.09.2026 13:35:06 [0] INFO root TICK ENDS: 7
30.09.2026 13:35:06 [0] INFO root TICK BEGINS: 8
30.09.2026 13:35:06 [0] INFO root TICK ENDS: 8
30.09.2026 13:35:06 [0] INFO root TICK BEGINS: 9
30.09.2026 13:35:06 [0] INFO root TICK ENDS: 9
30.09.2026 13:35:06 [0] INFO root TICK BEGINS: 10
30.09.2026 13:35:06 [0] INFO root TICK ENDS: 10
30.09.2026 13:35:06 [0] INFO root date_time.run = 30.09.2026 13:35:06
30.09.2026 13:35:06 [0] INFO root distribution.zombie_move = int_uniform, 0, 2
30.09.2026 13:35:06 [0] INFO root grid.buffer = 2
30.09.2026 13:35:06 [0] INFO root human.count = 500;
30.09.2026 13:35:06 [0] INFO root init.time = 0.009292
30.09.2026 13:35:06 [0] INFO root max.x = 99
30.09.2026 13:35:06 [0] INFO root max.y = 99
30.09.2026 13:35:06 [0] INFO root min.x = -100
30.09.2026 13:35:06 [0] INFO root min.y = -100
30.09.2026 13:35:06 [0] INFO root proc.per.x = 2
30.09.2026 13:35:06 [0] INFO root proc.per.y = 2
30.09.2026 13:35:06 [0] INFO root process.count = 4.000000
30.09.2026 13:35:06 [0] INFO root random.seed = 1790771706
30.09.2026 13:35:06 [0] INFO root run.time = 0.404446
30.09.2026 13:35:06 [0] INFO root stop.at = 10
30.09.2026 13:35:06 [0] INFO root zombie.count = 5;
30.09.2026 13:36:12 [0] INFO root TICK BEGINS: 1
30.09.2026 13:36:12 [0] INFO root TICK ENDS: 1
30.09.2026 13:36:12 [0] INFO root TICK BEGINS: 2
30.09.2026 13:36:12 [0] INFO root TICK ENDS: 2
30.09.2026 13:36:12 [0] INFO root TICK BEGINS: 3
30.09.2026 13:36:12 [0] INFO root TICK ENDS: 3
30.09.2026 13:36:12 [0] INFO root TICK BEGINS: 4
30.09.2026 13:36:12 [0] INFO root TICK ENDS: 4
30.09.2026 13:36:12 [0] INFO root TICK BEGINS: 5
30.09.2026 13:36:12 [0] INFO root TICK ENDS: 5
30.09.2026 13:36:12 [0] INFO root TICK BEGINS: 6
30.09.2026 13:36:12 [0] INFO root TICK ENDS: 6
30.09.2026 13:36:12 [0] INFO root TICK BEGINS: 7
30.09.2026 13:36:12 [0] INFO root TICK ENDS: 7
30.09.2026 13:36:12 [0] INFO root TICK BEGINS: 8
30.09.2026 13:36:12 [0] INFO root TICK ENDS: 8
30.09.2026 13:36:12 [0] INFO root TICK BEGINS: 9
30.09.2026 13:36:12 [0] INFO root TICK ENDS: 9
30.09.2026 13:36:12 [0] INFO root TICK BEGINS: 10
30.09.2026 13:36:12 [0] INFO root TICK ENDS: 10
30.09.2026 13:36:12 [0] INFO root date_time.run = 30.09.2026 13:36:12
30.09.2026 13:36:12 [0] INFO root distribution.zombie_move = int_uniform, 0, 2
30.09.2026 13:36:12 [0] INFO root grid.buffer = 2
30.09.2026 13:36:12 [0] INFO root human.count = 500;
30.09.2026 13:36:12 [0] INFO root init.time = 0.010654
30.09.2026 13:36:12 [0] INFO root max.x = 99
30.09.2026 13:36:12 [0] INFO root max.y = 99
30.09.2026 13:36:12 [0] INFO root min.x = -100
30.09.2026 13:36:12 [0] INFO root min.y = -100
30.09.2026 13:36:12 [0] INFO root proc.per.x = 2
30.09.2026 13:36:12 [0] INFO root proc.per.y = 2
30.09.2026 13:36:12 [0] INFO root process.count = 4.000000
30.09.2026 13:36:12 [0] INFO root random.seed = 1790771772
30.09.2026 13:36:12 [0] INFO root run.time = 0.370087
30.09.2026 13:36:12 [0] INFO root stop.at = 10
30.09.2026 13:36:12 [0] INFO root zombie.count = 5;
